// Jest Snapshot v1, https://goo.gl/fbAQLP

exports[`switch case should check snapshot 1`] = `
<div
  className="App"
  style={
    Object {
      "backgroundImage": "url(Plane1.jpg)",
      "backgroundRepeat": "no-repeat",
      "backgroundSize": "cover",
      "resize": "both",
    }
  }
>
  <div
    className="rs-container"
  >
    <div
      className="rs-content"
    >
      <img
        src="logo.png"
        style={
          Object {
            "alignItems": "center",
            "display": "block",
            "height": "50vh",
            "justifyContent": "center",
            "margin": "auto",
            "textAlign": "center",
          }
        }
      />
      <div
        style={
          Object {
            "alignItems": "center",
            "display": "flex",
            "justifyContent": "center",
          }
        }
      >
        <div
          className="ant-select ant-select-single ant-select-show-arrow ant-select-show-search"
          onBlur={[Function]}
          onFocus={[Function]}
          onKeyDown={[Function]}
          onKeyUp={[Function]}
          onMouseDown={[Function]}
          style={
            Object {
              "width": 400,
            }
          }
        >
          <div
            className="ant-select-selector"
            onClick={[Function]}
            onMouseDown={[Function]}
          >
            <span
              className="ant-select-selection-search"
            >
              <input
                aria-activedescendant="undefined_list_0"
                aria-autocomplete="list"
                aria-controls="undefined_list"
                aria-haspopup="listbox"
                aria-owns="undefined_list"
                autoComplete="off"
                className="ant-select-selection-search-input"
                onChange={[Function]}
                onKeyDown={[Function]}
                onMouseDown={[Function]}
                onPaste={[Function]}
                readOnly={true}
                role="combobox"
                style={
                  Object {
                    "opacity": 0,
                  }
                }
                value=""
              />
            </span>
            <span
              className="ant-select-selection-placeholder"
            >
              Depart From
            </span>
          </div>
          <span
            aria-hidden={true}
            className="ant-select-arrow"
            onMouseDown={[Function]}
            style={
              Object {
                "WebkitUserSelect": "none",
                "userSelect": "none",
              }
            }
            unselectable="on"
          >
            <span
              aria-label="down"
              className="anticon anticon-down"
              role="img"
            >
              <svg
                aria-hidden="true"
                className=""
                data-icon="down"
                fill="currentColor"
                focusable="false"
                height="1em"
                viewBox="64 64 896 896"
                width="1em"
              >
                <path
                  d="M884 256h-75c-5.1 0-9.9 2.5-12.9 6.6L512 654.2 227.9 262.6c-3-4.1-7.8-6.6-12.9-6.6h-75c-6.5 0-10.3 7.4-6.5 12.7l352.6 486.1c12.8 17.6 39 17.6 51.7 0l352.6-486.1c3.9-5.3.1-12.7-6.4-12.7z"
                />
              </svg>
            </span>
          </span>
        </div>
        <div
          className="ant-select ant-select-single ant-select-show-arrow ant-select-show-search"
          onBlur={[Function]}
          onFocus={[Function]}
          onKeyDown={[Function]}
          onKeyUp={[Function]}
          onMouseDown={[Function]}
          style={
            Object {
              "width": 400,
            }
          }
        >
          <div
            className="ant-select-selector"
            onClick={[Function]}
            onMouseDown={[Function]}
          >
            <span
              className="ant-select-selection-search"
            >
              <input
                aria-activedescendant="undefined_list_0"
                aria-autocomplete="list"
                aria-controls="undefined_list"
                aria-haspopup="listbox"
                aria-owns="undefined_list"
                autoComplete="off"
                className="ant-select-selection-search-input"
                onChange={[Function]}
                onKeyDown={[Function]}
                onMouseDown={[Function]}
                onPaste={[Function]}
                readOnly={true}
                role="combobox"
                style={
                  Object {
                    "opacity": 0,
                  }
                }
                value=""
              />
            </span>
            <span
              className="ant-select-selection-placeholder"
            >
              Arrive In
            </span>
          </div>
          <span
            aria-hidden={true}
            className="ant-select-arrow"
            onMouseDown={[Function]}
            style={
              Object {
                "WebkitUserSelect": "none",
                "userSelect": "none",
              }
            }
            unselectable="on"
          >
            <span
              aria-label="down"
              className="anticon anticon-down"
              role="img"
            >
              <svg
                aria-hidden="true"
                className=""
                data-icon="down"
                fill="currentColor"
                focusable="false"
                height="1em"
                viewBox="64 64 896 896"
                width="1em"
              >
                <path
                  d="M884 256h-75c-5.1 0-9.9 2.5-12.9 6.6L512 654.2 227.9 262.6c-3-4.1-7.8-6.6-12.9-6.6h-75c-6.5 0-10.3 7.4-6.5 12.7l352.6 486.1c12.8 17.6 39 17.6 51.7 0l352.6-486.1c3.9-5.3.1-12.7-6.4-12.7z"
                />
              </svg>
            </span>
          </span>
        </div>
      </div>
      <div
        style={
          Object {
            "alignItems": "center",
            "display": "flex",
            "height": "10vh",
            "justifyContent": "center",
          }
        }
      >
        <div
          style={
            Object {
              "paddingRight": "10px",
            }
          }
        >
          <div
            className="ant-picker"
            onMouseUp={[Function]}
          >
            <div
              className="ant-picker-input"
            >
              <input
                onBlur={[Function]}
                onChange={[Function]}
                onFocus={[Function]}
                onKeyDown={[Function]}
                onMouseDown={[Function]}
                placeholder="Start"
                readOnly={true}
                size={12}
                title=""
                value=""
              />
              <span
                className="ant-picker-suffix"
              >
                <span
                  aria-label="calendar"
                  className="anticon anticon-calendar"
                  role="img"
                >
                  <svg
                    aria-hidden="true"
                    className=""
                    data-icon="calendar"
                    fill="currentColor"
                    focusable="false"
                    height="1em"
                    viewBox="64 64 896 896"
                    width="1em"
                  >
                    <path
                      d="M880 184H712v-64c0-4.4-3.6-8-8-8h-56c-4.4 0-8 3.6-8 8v64H384v-64c0-4.4-3.6-8-8-8h-56c-4.4 0-8 3.6-8 8v64H144c-17.7 0-32 14.3-32 32v664c0 17.7 14.3 32 32 32h736c17.7 0 32-14.3 32-32V216c0-17.7-14.3-32-32-32zm-40 656H184V460h656v380zM184 392V256h128v48c0 4.4 3.6 8 8 8h56c4.4 0 8-3.6 8-8v-48h256v48c0 4.4 3.6 8 8 8h56c4.4 0 8-3.6 8-8v-48h128v136H184z"
                    />
                  </svg>
                </span>
              </span>
            </div>
          </div>
        </div>
        <div
          style={
            Object {
              "paddingRight": "10px",
              "width": 100,
            }
          }
        >
          <div
            className="ant-input-number"
            style={Object {}}
          >
            <div
              className="ant-input-number-handler-wrap"
            >
              <span
                aria-disabled={false}
                aria-label="Increase Value"
                className="ant-input-number-handler ant-input-number-handler-up "
                onMouseDown={[Function]}
                onMouseLeave={[Function]}
                onMouseUp={[Function]}
                onTouchCancel={[Function]}
                onTouchEnd={[Function]}
                onTouchMove={[Function]}
                onTouchStart={[Function]}
                role="button"
                unselectable="unselectable"
              >
                <span
                  aria-label="up"
                  className="anticon anticon-up ant-input-number-handler-up-inner"
                  role="img"
                >
                  <svg
                    aria-hidden="true"
                    className=""
                    data-icon="up"
                    fill="currentColor"
                    focusable="false"
                    height="1em"
                    viewBox="64 64 896 896"
                    width="1em"
                  >
                    <path
                      d="M890.5 755.3L537.9 269.2c-12.8-17.6-39-17.6-51.7 0L133.5 755.3A8 8 0 00140 768h75c5.1 0 9.9-2.5 12.9-6.6L512 369.8l284.1 391.6c3 4.1 7.8 6.6 12.9 6.6h75c6.5 0 10.3-7.4 6.5-12.7z"
                    />
                  </svg>
                </span>
              </span>
              <span
                aria-disabled={true}
                aria-label="Decrease Value"
                className="ant-input-number-handler ant-input-number-handler-down ant-input-number-handler-down-disabled"
                onMouseDown={[Function]}
                onMouseLeave={[Function]}
                onMouseUp={[Function]}
                role="button"
                unselectable="unselectable"
              >
                <span
                  aria-label="down"
                  className="anticon anticon-down ant-input-number-handler-down-inner"
                  role="img"
                >
                  <svg
                    aria-hidden="true"
                    className=""
                    data-icon="down"
                    fill="currentColor"
                    focusable="false"
                    height="1em"
                    viewBox="64 64 896 896"
                    width="1em"
                  >
                    <path
                      d="M884 256h-75c-5.1 0-9.9 2.5-12.9 6.6L512 654.2 227.9 262.6c-3-4.1-7.8-6.6-12.9-6.6h-75c-6.5 0-10.3 7.4-6.5 12.7l352.6 486.1c12.8 17.6 39 17.6 51.7 0l352.6-486.1c3.9-5.3.1-12.7-6.4-12.7z"
                    />
                  </svg>
                </span>
              </span>
            </div>
            <div
              className="ant-input-number-input-wrap"
            >
              <input
                aria-valuemax={10}
                aria-valuemin={1}
                aria-valuenow={1}
                autoComplete="off"
                className="ant-input-number-input"
                max={10}
                min={1}
                onBlur={[Function]}
                onChange={[Function]}
                onFocus={[Function]}
                onKeyDown={[Function]}
                onKeyUp={[Function]}
                onMouseUp={[Function]}
                required={false}
                role="spinbutton"
                step={1}
                value="1"
              />
            </div>
          </div>
        </div>
        <div
          style={
            Object {
              "paddingRight": "10px",
            }
          }
        >
          <button
            aria-checked={false}
            className="ant-switch"
            defaultChecked={false}
            onChange={[Function]}
            onClick={[Function]}
            onKeyDown={[Function]}
            onMouseUp={[Function]}
            role="switch"
            size="default"
            type="button"
          >
            <span
              className="ant-switch-inner"
            >
              OW
            </span>
          </button>
        </div>
        <div
          style={
            Object {
              "paddingRight": "10px",
            }
          }
        >
          <button
            className="ant-btn ant-btn-primary"
            onClick={[Function]}
            onMouseDown={[Function]}
            style={
              Object {
                "marginRight": "10px",
              }
            }
            type="button"
          >
            <span>
              Find Flights
            </span>
          </button>
        </div>
      </div>
    </div>
    <div
      className="rs-footer"
    />
  </div>
</div>
`;
