// Jest Snapshot v1, https://goo.gl/fbAQLP

exports[`snapshot testing for flight-search should match snapshot 1`] = `ShallowWrapper {}`;

exports[`snapshot testing should match snapshot 1`] = `ShallowWrapper {}`;

exports[`state testing should match snapshot 1`] = `ShallowWrapper {}`;
